
add.run:     file format elf32-littleriscv


Disassembly of section .text:

00000100 <_start>:
 100:	00500137          	lui	sp,0x500
 104:	010000ef          	jal	ra,114 <main>
 108:	200002b7          	lui	t0,0x20000
 10c:	000280e7          	jalr	t0 # 20000000 <memory_size>
 110:	00100073          	ebreak

00000114 <main>:
 114:	ff010113          	addi	sp,sp,-16 # 4ffff0 <_RAM_END+0x2ffff0>
 118:	00812623          	sw	s0,12(sp)
 11c:	01010413          	addi	s0,sp,16
 120:	00000793          	li	a5,0
 124:	00078513          	mv	a0,a5
 128:	00c12403          	lw	s0,12(sp)
 12c:	01010113          	addi	sp,sp,16
 130:	00008067          	ret

00000134 <get_id>:
 134:	f1402573          	csrr	a0,mhartid
 138:	00008067          	ret
